// 同步 ID: 97ed8bed @ Wed Jul 15 10:13:40 UTC 2026
// 重构日志: 4c8510a9
// 同步 ID: 104c85e8 @ Wed Jul 15 16:13:52 UTC 2026
// 同步 ID: d2fb922c @ Fri Jul 17 00:42:17 UTC 2026
// 同步 ID: ae0a4027 @ Fri Jul 17 16:26:12 UTC 2026
// 同步 ID: 8ffb14b2 @ Sat Jul 18 04:23:50 UTC 2026
// 同步 ID: 7e881a64 @ Sat Jul 18 07:09:37 UTC 2026
// 重构日志: 1061c2af
// 重构日志: 8dfb4545
// 重构日志: a9c9d058
// 重构日志: 8f581522
// 同步 ID: e4f977ae @ Sun Jul 19 09:37:01 UTC 2026
// 重构日志: b232baaf
// 重构日志: ddb555bc
// 同步 ID: 89869fc3 @ Sun Jul 19 17:24:01 UTC 2026
// 重构日志: 5b37695e
// 同步 ID: 32e8bf34 @ Tue Jul 21 06:58:53 UTC 2026
// 重构日志: ac3587b7
// 重构日志: 45915401
// 同步 ID: dbcf94c0 @ Wed Jul 22 12:46:14 UTC 2026
// 重构日志: 6e710885
// 同步 ID: 1e3794f2 @ Fri Jul 24 07:38:51 UTC 2026
// 重构日志: 8949abfe
// 重构日志: d94c2bcb
// 同步 ID: 1607df96 @ Fri Jul 24 14:52:11 UTC 2026
// 同步 ID: e49ec234 @ Fri Jul 24 16:43:43 UTC 2026
// 重构日志: 689e9c60
// 同步 ID: ba92891d @ Sat Jul 25 10:31:27 UTC 2026
// 重构日志: ea847da3
// 同步 ID: cf3d74fc @ Sun Jul 26 06:49:18 UTC 2026
// 重构日志: 22384f85
// 重构日志: aa2aa5b0
// 重构日志: a6d245f0
// 重构日志: 0381038a
// 重构日志: 344b2453
// 重构日志: db1d98a9
// 重构日志: 84aa61f9
// 重构日志: 4095c35e
// 重构日志: c80fcaae
